node universe: start (intraday_equities-universe)
universe 6 symbol(s) (5 tradable, 1 reference)
node universe: ok in 0.000s
node alpaca: start (intraday_equities-bars)
emitting 8885389 bar record(s)
node alpaca: ok in 0.000s
node session: start (filter)
filter kept 6240600/8885389 record(s)
node session: ok in 2.835s
node features: start (intraday_equities-session-features)
session features: SPY
session features: AAPL
session features: JPM
session features: LLY
session features: WMT
session features: XOM
session features: 1248034 row(s) from 6 symbol(s) layout=columns
node features: ok in 109.108s
node tradable: start (intraday_equities-keep-symbols)
keep-symbols kept 1039292/1248034 row(s)
node tradable: ok in 0.000s
node scan: start (intraday_equities-horizon-scan)
horizon scan: go=True anchors=True band=True farthest=470 ic=-0.0825
node scan: ok in 6954.949s
node lscan: start (intraday_equities-lookback-scan)
lookback scan: L=120 ic=-0.0825 n_features=28
node lscan: ok in 454.372s
**RAN — all 7 node(s) completed**

- run: `intraday-equities-hl-scan-2026-08-30-c60b2910`
- document hash: `0946ad6f6fc14a6c…`
- previous run: — (first of the series)

| node | role | status | seconds |
|---|---|---|---|
| universe | data | ok | 0.000148 |
| alpaca | data | ok | 0.000202 |
| session | transform | ok | 2.834853 |
| features | transform | ok | 109.108235 |
| tradable | transform | ok | 0.000169 |
| scan | score | ok | 6954.949494 |
| lscan | score | ok | 454.371995 |

(run dir: /home/russell/dskit/children/intraday_equities/pipeline_runs/intraday-equities-hl-scan-2026-08-30-c60b2910)
